ERROR: invalid characters in raw string delimiter
